<body>
    <span>Hello world!</span>
    <span>and hello to you</span>
</body>