<body>
    <span>This message is localized</span>
    <span>Witaj Å›wiecie!</span>
</body>