<body>
    <span>This message is localized</span>
    <span>Hello world!</span>
</body>