<body>
    <span>Witaj Å›wiecie!</span>
    <span>i Tobie witaj</span>
</body>